\item {[1]}{R.L. Graham, D.E. Knuth, O. Patashnik, {\fam \slfam \tensl Concrete Mathematics}, Addison-Wesley, 1994.}
\item {[2]}{L. Comtet, {\fam \slfam \tensl Analyse Combinatoire},2, Presses Univ. de France, 1970.}
\item {[3]}{N. G. de Bruijn, {\fam \slfam \tensl Asymptotic Methods in Analysis\/}, North-Holland, 1961.}
\item {[4]}{C. Carath{\accent 19 e}odory, {\fam \slfam \tensl Theory of Functions of a Complex Variable}, Chelsea, 1954.}
\item {[5]}{L. Comtet, {\fam \slfam \tensl C. R. Acad. Sc. Paris\/}, 270, 1970, p. 1085--1088.}
\item {[6]}{R. M. Corless, G. H. Gonnet, D. E. G. Hare, D. J. Jeffrey and D. E. Knuth, ``The Lambert $W$ Function'', Advances in Computational Mathematics, to appear.}
\item {[7]}{F.N. David and D.E. Barton, {\fam \slfam \tensl Combinatorial Chance}, Hafner, 1962.}
\item {[8]}{N. Nielsen, {\fam \slfam \tensl Handbuch der Theorie der Gammafunktion}, Teubner, 1906.}
\item {[9]}{J. Riordan, {\fam \slfam \tensl An Introduction to Combinatorial Analysis}, Wiley, 1958.}
